// Jest Snapshot v1, https://goo.gl/fbAQLP

exports[`Card renders correctly 1`] = `
<div
  className="Card Card--viewer"
  data-role="BLUE_SPY"
  onClick={[Function]}
>
  <div>
    test
    <i
      className="fa fa-tint"
    />
  </div>
</div>
`;
