// Jest Snapshot v1, https://goo.gl/fbAQLP

exports[`Controls renders correctly 1`] = `
<div
  className="GameControls"
>
  <button
    className="GameControls_end-turn button is-dark"
    onClick={[Function]}
  >
    End Turn
  </button>
  <button
    className="GameControls_new-game button is-light"
    onClick={[Function]}
  >
    Start New Game
  </button>
</div>
`;
