// Jest Snapshot v1, https://goo.gl/fbAQLP

exports[`RoomCode should render correctly 1`] = `
<div
  className="game__room-code modal is-active"
  onClick={[Function]}
>
  <div
    className="modal-background"
  />
  <div
    className="modal-content"
  >
    <section
      className="hero"
    >
      <div
        className="hero-body"
      >
        <div
          className="container has-text-centered"
        >
          <h1
            className="title has-text-white"
          >
            123456
          </h1>
        </div>
      </div>
    </section>
  </div>
</div>
`;
